// Jest Snapshot v1, https://goo.gl/fbAQLP

exports[`<ChatList/> Component should render 1`] = `
<div>
  <div
    class="ant-list chatList ant-list-split"
  >
    <div
      class="ant-spin-nested-loading"
    >
      <div
        class="ant-spin-container"
      >
        <ul
          class="ant-list-items"
        >
          <li
            class="ant-list-item chatListItem"
          >
            <div
              class="ant-list-item-meta"
            >
              <div
                class="ant-list-item-meta-avatar"
              >
                <span
                  class="ant-avatar ant-avatar-circle ant-avatar-image"
                >
                  <img
                    src="https://source.unsplash.com/random/300x300"
                  />
                </span>
              </div>
              <div
                class="ant-list-item-meta-content"
              >
                <h4
                  class="ant-list-item-meta-title"
                >
                  John
                </h4>
                <div
                  class="ant-list-item-meta-description"
                >
                  What are you doing?
                </div>
              </div>
            </div>
          </li>
          <li
            class="ant-list-item chatListItem"
          >
            <div
              class="ant-list-item-meta"
            >
              <div
                class="ant-list-item-meta-avatar"
              >
                <span
                  class="ant-avatar ant-avatar-circle ant-avatar-image"
                >
                  <img
                    src="https://source.unsplash.com/random/300x300"
                  />
                </span>
              </div>
              <div
                class="ant-list-item-meta-content"
              >
                <h4
                  class="ant-list-item-meta-title"
                >
                  Heinz
                </h4>
                <div
                  class="ant-list-item-meta-description"
                >
                  What are you doing?
                </div>
              </div>
            </div>
          </li>
          <li
            class="ant-list-item chatListItem"
          >
            <div
              class="ant-list-item-meta"
            >
              <div
                class="ant-list-item-meta-avatar"
              >
                <span
                  class="ant-avatar ant-avatar-circle ant-avatar-image"
                >
                  <img
                    src="https://source.unsplash.com/random/300x300"
                  />
                </span>
              </div>
              <div
                class="ant-list-item-meta-content"
              >
                <h4
                  class="ant-list-item-meta-title"
                >
                  Dungeon Master
                </h4>
                <div
                  class="ant-list-item-meta-description"
                >
                  What are you doing?
                </div>
              </div>
            </div>
          </li>
        </ul>
      </div>
    </div>
  </div>
</div>
`;
